#! /home/alif/_tools/_developed/verilog-10.0_orig/bin/vvp
:ivl_version "10.0 (stable)" "(v10_0)";
:ivl_delay_selection "TYPICAL";
:vpi_time_precision + 0;
:vpi_module "system";
:vpi_module "vhdl_sys";
:vpi_module "v2005_math";
:vpi_module "va_math";
S_0x1ef7d30 .scope module, "conquest_tb" "conquest_tb" 2 1;
 .timescale 0 0;
v0x1fb8e60_0 .var "_conc_opcode", 9 0;
v0x1fb8f60_0 .var "_conc_pc", 31 0;
v0x1fb9040 .array "_conc_ram", 1 0, 9 0;
L_0x7f797cd9c0a8 .functor BUFT 1, C4<00000000>, C4<0>, C4<0>, C4<0>;
RS_0x7f797cde5558 .resolv tri, v0x1fb8450_0, L_0x7f797cd9c0a8;
v0x1fb90e0_0 .net8 "rec_dataH", 7 0, RS_0x7f797cde5558;  2 drivers
L_0x7f797cd9c0f0 .functor BUFT 1, C4<0>, C4<0>, C4<0>, C4<0>;
RS_0x7f797cde55b8 .resolv tri, v0x1fb8610_0, L_0x7f797cd9c0f0;
v0x1fb91d0_0 .net8 "rec_readyH", 0 0, RS_0x7f797cde55b8;  2 drivers
v0x1fb9270_0 .var "sys_clk", 0 0;
v0x1fb9340_0 .var "sys_rst_l", 0 0;
v0x1fb9410_0 .var "uart_REC_dataH", 0 0;
L_0x7f797cd9c018 .functor BUFT 1, C4<0>, C4<0>, C4<0>, C4<0>;
RS_0x7f797cde5678 .resolv tri, v0x1fb8a40_0, L_0x7f797cd9c018;
v0x1fb94e0_0 .net8 "uart_XMIT_dataH", 0 0, RS_0x7f797cde5678;  2 drivers
v0x1fb9640_0 .var "xmitH", 0 0;
v0x1fb96e0_0 .var "xmit_dataH", 7 0;
L_0x7f797cd9c060 .functor BUFT 1, C4<0>, C4<0>, C4<0>, C4<0>;
RS_0x7f797cde5708 .resolv tri, v0x1fb8c80_0, L_0x7f797cd9c060;
v0x1fb97b0_0 .net8 "xmit_doneH", 0 0, RS_0x7f797cde5708;  2 drivers
E_0x1f2f560 .event posedge, v0x1fb86d0_0;
S_0x1ef7eb0 .scope module, "_conc_top_inst" "uart" 2 15, 3 2 0, S_0x1ef7d30;
 .timescale 0 0;
    .port_info 0 /INPUT 1 "sys_clk"
    .port_info 1 /INPUT 1 "sys_rst_l"
    .port_info 2 /OUTPUT 1 "uart_XMIT_dataH"
    .port_info 3 /INPUT 1 "xmitH"
    .port_info 4 /INPUT 8 "xmit_dataH"
    .port_info 5 /OUTPUT 1 "xmit_doneH"
    .port_info 6 /INPUT 1 "uart_REC_dataH"
    .port_info 7 /OUTPUT 8 "rec_dataH"
    .port_info 8 /OUTPUT 1 "rec_readyH"
v0x1ef8080_0 .var "iRECEIVER_bitCell_cntrH", 3 0;
v0x1fb6d50_0 .var "iRECEIVER_cntr_resetH", 0 0;
v0x1fb6e10_0 .var "iRECEIVER_countH", 0 0;
v0x1fb6ee0_0 .var "iRECEIVER_next_state", 2 0;
v0x1fb6fc0_0 .var "iRECEIVER_rec_datH", 0 0;
v0x1fb70d0_0 .var "iRECEIVER_rec_datSyncH", 0 0;
v0x1fb7190_0 .var "iRECEIVER_rec_dataH", 7 0;
v0x1fb7270_0 .var "iRECEIVER_rec_readyH", 0 0;
v0x1fb7330_0 .var "iRECEIVER_rec_readyH_temp", 0 0;
v0x1fb7480_0 .var "iRECEIVER_rec_readyInH", 0 0;
v0x1fb7540_0 .var "iRECEIVER_recd_bitCntrH", 3 0;
v0x1fb7620_0 .var "iRECEIVER_rstCountH", 0 0;
v0x1fb76e0_0 .var "iRECEIVER_shiftH", 0 0;
v0x1fb77a0_0 .var "iRECEIVER_state", 2 0;
v0x1fb7880_0 .var "iXMIT_bitCell_cntrH", 3 0;
v0x1fb7960_0 .var "iXMIT_bitCountH", 3 0;
v0x1fb7a40_0 .var "iXMIT_countEnaH", 0 0;
v0x1fb7bf0_0 .var "iXMIT_ena_bitCountH", 0 0;
v0x1fb7c90_0 .var "iXMIT_load_shiftRegH", 0 0;
v0x1fb7d30_0 .var "iXMIT_next_state", 2 0;
v0x1fb7df0_0 .var "iXMIT_rst_bitCountH", 0 0;
v0x1fb7eb0_0 .var "iXMIT_shiftEnaH", 0 0;
v0x1fb7f70_0 .var "iXMIT_state", 2 0;
v0x1fb8050_0 .var "iXMIT_uart_xmitH", 0 0;
v0x1fb8110_0 .var "iXMIT_xmitDataSelH", 1 0;
v0x1fb81f0_0 .var "iXMIT_xmit_ShiftRegH", 7 0;
v0x1fb82d0_0 .var "iXMIT_xmit_doneH", 0 0;
v0x1fb8390_0 .var "iXMIT_xmit_doneInH", 0 0;
v0x1fb8450_0 .var "rec_dataH", 7 0;
v0x1fb8530_0 .var "rec_dataH_temp", 7 0;
v0x1fb8610_0 .var "rec_readyH", 0 0;
v0x1fb86d0_0 .net "sys_clk", 0 0, v0x1fb9270_0;  1 drivers
v0x1fb8790_0 .net "sys_rst_l", 0 0, v0x1fb9340_0;  1 drivers
v0x1fb7b00_0 .net "uart_REC_dataH", 0 0, v0x1fb9410_0;  1 drivers
v0x1fb8a40_0 .var "uart_XMIT_dataH", 0 0;
v0x1fb8ae0_0 .net "xmitH", 0 0, v0x1fb9640_0;  1 drivers
v0x1fb8ba0_0 .net "xmit_dataH", 7 0, v0x1fb96e0_0;  1 drivers
v0x1fb8c80_0 .var "xmit_doneH", 0 0;
E_0x1f66200/0 .event negedge, v0x1fb8790_0;
E_0x1f66200/1 .event posedge, v0x1fb86d0_0;
E_0x1f66200 .event/or E_0x1f66200/0, E_0x1f66200/1;
E_0x1f724b0 .event edge, v0x1fb77a0_0, v0x1fb6fc0_0, v0x1ef8080_0, v0x1fb7540_0;
E_0x1f720f0/0 .event edge, v0x1fb7330_0, v0x1fb77a0_0, v0x1fb7540_0, v0x1ef8080_0;
E_0x1f720f0/1 .event edge, v0x1fb7190_0;
E_0x1f720f0 .event/or E_0x1f720f0/0, E_0x1f720f0/1;
E_0x1f71d50 .event edge, v0x1fb7f70_0, v0x1fb8ae0_0, v0x1fb7880_0, v0x1fb7960_0;
E_0x1f719d0 .event edge, v0x1fb81f0_0, v0x1fb8110_0;
E_0x1f2de90 .event edge, v0x1fb7270_0;
E_0x1f2e5e0 .event edge, v0x1fb82d0_0;
E_0x1f2eac0 .event edge, v0x1fb8050_0;
    .scope S_0x1ef7eb0;
T_0 ;
    %pushi/vec4 0, 0, 4;
    %store/vec4 v0x1ef8080_0, 0, 4;
    %end;
    .thread T_0;
    .scope S_0x1ef7eb0;
T_1 ;
    %pushi/vec4 0, 0, 1;
    %store/vec4 v0x1fb6d50_0, 0, 1;
    %end;
    .thread T_1;
    .scope S_0x1ef7eb0;
T_2 ;
    %pushi/vec4 0, 0, 1;
    %store/vec4 v0x1fb6e10_0, 0, 1;
    %end;
    .thread T_2;
    .scope S_0x1ef7eb0;
T_3 ;
    %pushi/vec4 0, 0, 3;
    %store/vec4 v0x1fb6ee0_0, 0, 3;
    %end;
    .thread T_3;
    .scope S_0x1ef7eb0;
T_4 ;
    %pushi/vec4 0, 0, 1;
    %store/vec4 v0x1fb6fc0_0, 0, 1;
    %end;
    .thread T_4;
    .scope S_0x1ef7eb0;
T_5 ;
    %pushi/vec4 0, 0, 1;
    %store/vec4 v0x1fb70d0_0, 0, 1;
    %end;
    .thread T_5;
    .scope S_0x1ef7eb0;
T_6 ;
    %pushi/vec4 0, 0, 8;
    %store/vec4 v0x1fb7190_0, 0, 8;
    %end;
    .thread T_6;
    .scope S_0x1ef7eb0;
T_7 ;
    %pushi/vec4 0, 0, 1;
    %store/vec4 v0x1fb7270_0, 0, 1;
    %end;
    .thread T_7;
    .scope S_0x1ef7eb0;
T_8 ;
    %pushi/vec4 0, 0, 1;
    %store/vec4 v0x1fb7330_0, 0, 1;
    %end;
    .thread T_8;
    .scope S_0x1ef7eb0;
T_9 ;
    %pushi/vec4 0, 0, 1;
    %store/vec4 v0x1fb7480_0, 0, 1;
    %end;
    .thread T_9;
    .scope S_0x1ef7eb0;
T_10 ;
    %pushi/vec4 0, 0, 4;
    %store/vec4 v0x1fb7540_0, 0, 4;
    %end;
    .thread T_10;
    .scope S_0x1ef7eb0;
T_11 ;
    %pushi/vec4 0, 0, 1;
    %store/vec4 v0x1fb7620_0, 0, 1;
    %end;
    .thread T_11;
    .scope S_0x1ef7eb0;
T_12 ;
    %pushi/vec4 0, 0, 1;
    %store/vec4 v0x1fb76e0_0, 0, 1;
    %end;
    .thread T_12;
    .scope S_0x1ef7eb0;
T_13 ;
    %pushi/vec4 0, 0, 3;
    %store/vec4 v0x1fb77a0_0, 0, 3;
    %end;
    .thread T_13;
    .scope S_0x1ef7eb0;
T_14 ;
    %pushi/vec4 0, 0, 4;
    %store/vec4 v0x1fb7880_0, 0, 4;
    %end;
    .thread T_14;
    .scope S_0x1ef7eb0;
T_15 ;
    %pushi/vec4 0, 0, 4;
    %store/vec4 v0x1fb7960_0, 0, 4;
    %end;
    .thread T_15;
    .scope S_0x1ef7eb0;
T_16 ;
    %pushi/vec4 0, 0, 1;
    %store/vec4 v0x1fb7a40_0, 0, 1;
    %end;
    .thread T_16;
    .scope S_0x1ef7eb0;
T_17 ;
    %pushi/vec4 0, 0, 1;
    %store/vec4 v0x1fb7bf0_0, 0, 1;
    %end;
    .thread T_17;
    .scope S_0x1ef7eb0;
T_18 ;
    %pushi/vec4 0, 0, 1;
    %store/vec4 v0x1fb7c90_0, 0, 1;
    %end;
    .thread T_18;
    .scope S_0x1ef7eb0;
T_19 ;
    %pushi/vec4 0, 0, 3;
    %store/vec4 v0x1fb7d30_0, 0, 3;
    %end;
    .thread T_19;
    .scope S_0x1ef7eb0;
T_20 ;
    %pushi/vec4 0, 0, 1;
    %store/vec4 v0x1fb7df0_0, 0, 1;
    %end;
    .thread T_20;
    .scope S_0x1ef7eb0;
T_21 ;
    %pushi/vec4 0, 0, 1;
    %store/vec4 v0x1fb7eb0_0, 0, 1;
    %end;
    .thread T_21;
    .scope S_0x1ef7eb0;
T_22 ;
    %pushi/vec4 0, 0, 3;
    %store/vec4 v0x1fb7f70_0, 0, 3;
    %end;
    .thread T_22;
    .scope S_0x1ef7eb0;
T_23 ;
    %pushi/vec4 0, 0, 1;
    %store/vec4 v0x1fb8050_0, 0, 1;
    %end;
    .thread T_23;
    .scope S_0x1ef7eb0;
T_24 ;
    %pushi/vec4 0, 0, 2;
    %store/vec4 v0x1fb8110_0, 0, 2;
    %end;
    .thread T_24;
    .scope S_0x1ef7eb0;
T_25 ;
    %pushi/vec4 0, 0, 8;
    %store/vec4 v0x1fb81f0_0, 0, 8;
    %end;
    .thread T_25;
    .scope S_0x1ef7eb0;
T_26 ;
    %pushi/vec4 0, 0, 1;
    %store/vec4 v0x1fb82d0_0, 0, 1;
    %end;
    .thread T_26;
    .scope S_0x1ef7eb0;
T_27 ;
    %pushi/vec4 0, 0, 1;
    %store/vec4 v0x1fb8390_0, 0, 1;
    %end;
    .thread T_27;
    .scope S_0x1ef7eb0;
T_28 ;
    %pushi/vec4 0, 0, 8;
    %store/vec4 v0x1fb8450_0, 0, 8;
    %end;
    .thread T_28;
    .scope S_0x1ef7eb0;
T_29 ;
    %pushi/vec4 0, 0, 8;
    %store/vec4 v0x1fb8530_0, 0, 8;
    %end;
    .thread T_29;
    .scope S_0x1ef7eb0;
T_30 ;
    %pushi/vec4 0, 0, 1;
    %store/vec4 v0x1fb8610_0, 0, 1;
    %end;
    .thread T_30;
    .scope S_0x1ef7eb0;
T_31 ;
    %pushi/vec4 0, 0, 1;
    %store/vec4 v0x1fb8a40_0, 0, 1;
    %end;
    .thread T_31;
    .scope S_0x1ef7eb0;
T_32 ;
    %pushi/vec4 0, 0, 1;
    %store/vec4 v0x1fb8c80_0, 0, 1;
    %end;
    .thread T_32;
    .scope S_0x1ef7eb0;
T_33 ;
    %wait E_0x1f2eac0;
    %load/vec4 v0x1fb8050_0;
    %store/vec4 v0x1fb8a40_0, 0, 1;
    %vpi_call 3 48 "$display", ";A 0" {0 0 0};
    %jmp T_33;
    .thread T_33, $push;
    .scope S_0x1ef7eb0;
T_34 ;
    %wait E_0x1f2e5e0;
    %load/vec4 v0x1fb82d0_0;
    %store/vec4 v0x1fb8c80_0, 0, 1;
    %vpi_call 3 52 "$display", ";A 1" {0 0 0};
    %jmp T_34;
    .thread T_34, $push;
    .scope S_0x1ef7eb0;
T_35 ;
    %wait E_0x1f2de90;
    %load/vec4 v0x1fb7270_0;
    %store/vec4 v0x1fb8610_0, 0, 1;
    %vpi_call 3 56 "$display", ";A 2" {0 0 0};
    %jmp T_35;
    .thread T_35, $push;
    .scope S_0x1ef7eb0;
T_36 ;
    %wait E_0x1f66200;
    %load/vec4 v0x1fb8790_0;
    %inv;
    %flag_set/vec4 8;
    %jmp/0xz  T_36.0, 8;
    %pushi/vec4 0, 0, 8;
    %assign/vec4 v0x1fb8450_0, 1;
    %vpi_call 3 62 "$display", ";A 5" {0 0 0};
    %jmp T_36.1;
T_36.0 ;
    %load/vec4 v0x1fb8530_0;
    %assign/vec4 v0x1fb8450_0, 1;
    %vpi_call 3 65 "$display", ";A 6" {0 0 0};
T_36.1 ;
    %jmp T_36;
    .thread T_36;
    .scope S_0x1ef7eb0;
T_37 ;
    %wait E_0x1f66200;
    %load/vec4 v0x1fb8790_0;
    %inv;
    %flag_set/vec4 8;
    %jmp/0xz  T_37.0, 8;
    %pushi/vec4 0, 0, 8;
    %assign/vec4 v0x1fb8530_0, 1;
    %vpi_call 3 72 "$display", ";A 9" {0 0 0};
    %jmp T_37.1;
T_37.0 ;
    %load/vec4 v0x1fb8610_0;
    %flag_set/vec4 8;
    %jmp/0xz  T_37.2, 8;
    %vpi_call 3 76 "$display", ";A 10" {0 0 0};
    %load/vec4 v0x1fb7190_0;
    %assign/vec4 v0x1fb8530_0, 1;
    %vpi_call 3 77 "$display", ";A 12" {0 0 0};
    %jmp T_37.3;
T_37.2 ;
    %vpi_call 3 80 "$display", ";A 11" {0 0 0};
T_37.3 ;
T_37.1 ;
    %jmp T_37;
    .thread T_37;
    .scope S_0x1ef7eb0;
T_38 ;
    %wait E_0x1f719d0;
    %load/vec4 v0x1fb8110_0;
    %dup/vec4;
    %pushi/vec4 0, 0, 2;
    %cmp/u;
    %jmp/1 T_38.0, 6;
    %dup/vec4;
    %pushi/vec4 1, 0, 2;
    %cmp/u;
    %jmp/1 T_38.1, 6;
    %dup/vec4;
    %pushi/vec4 2, 0, 2;
    %cmp/u;
    %jmp/1 T_38.2, 6;
    %jmp T_38.3;
T_38.0 ;
    %vpi_call 3 90 "$display", ";A 13" {0 0 0};
    %pushi/vec4 0, 0, 1;
    %store/vec4 v0x1fb8050_0, 0, 1;
    %vpi_call 3 91 "$display", ";A 14" {0 0 0};
    %jmp T_38.3;
T_38.1 ;
    %vpi_call 3 95 "$display", ";A 15" {0 0 0};
    %pushi/vec4 1, 0, 1;
    %store/vec4 v0x1fb8050_0, 0, 1;
    %vpi_call 3 96 "$display", ";A 16" {0 0 0};
    %jmp T_38.3;
T_38.2 ;
    %vpi_call 3 100 "$display", ";A 17" {0 0 0};
    %load/vec4 v0x1fb81f0_0;
    %parti/s 1, 0, 2;
    %store/vec4 v0x1fb8050_0, 0, 1;
    %vpi_call 3 101 "$display", ";A 18" {0 0 0};
    %jmp T_38.3;
T_38.3 ;
    %pop/vec4 1;
    %jmp T_38;
    .thread T_38, $push;
    .scope S_0x1ef7eb0;
T_39 ;
    %wait E_0x1f66200;
    %load/vec4 v0x1fb8790_0;
    %inv;
    %flag_set/vec4 8;
    %jmp/0xz  T_39.0, 8;
    %pushi/vec4 0, 0, 4;
    %assign/vec4 v0x1fb7880_0, 1;
    %vpi_call 3 109 "$display", ";A 21" {0 0 0};
    %jmp T_39.1;
T_39.0 ;
    %load/vec4 v0x1fb7a40_0;
    %flag_set/vec4 8;
    %jmp/0xz  T_39.2, 8;
    %vpi_call 3 113 "$display", ";A 22" {0 0 0};
    %load/vec4 v0x1fb7880_0;
    %addi 1, 0, 4;
    %assign/vec4 v0x1fb7880_0, 1;
    %vpi_call 3 114 "$display", ";A 24" {0 0 0};
    %jmp T_39.3;
T_39.2 ;
    %vpi_call 3 117 "$display", ";A 23" {0 0 0};
    %pushi/vec4 0, 0, 4;
    %assign/vec4 v0x1fb7880_0, 1;
    %vpi_call 3 118 "$display", ";A 25" {0 0 0};
T_39.3 ;
T_39.1 ;
    %jmp T_39;
    .thread T_39;
    .scope S_0x1ef7eb0;
T_40 ;
    %wait E_0x1f66200;
    %load/vec4 v0x1fb8790_0;
    %inv;
    %flag_set/vec4 8;
    %jmp/0xz  T_40.0, 8;
    %pushi/vec4 0, 0, 8;
    %assign/vec4 v0x1fb81f0_0, 1;
    %vpi_call 3 126 "$display", ";A 28" {0 0 0};
    %jmp T_40.1;
T_40.0 ;
    %load/vec4 v0x1fb7c90_0;
    %flag_set/vec4 8;
    %jmp/0xz  T_40.2, 8;
    %vpi_call 3 130 "$display", ";A 29" {0 0 0};
    %load/vec4 v0x1fb8ba0_0;
    %assign/vec4 v0x1fb81f0_0, 1;
    %vpi_call 3 131 "$display", ";A 31" {0 0 0};
    %jmp T_40.3;
T_40.2 ;
    %vpi_call 3 134 "$display", ";A 30" {0 0 0};
    %load/vec4 v0x1fb7eb0_0;
    %flag_set/vec4 8;
    %jmp/0xz  T_40.4, 8;
    %vpi_call 3 136 "$display", ";A 32" {0 0 0};
    %pushi/vec4 1, 0, 1;
    %load/vec4 v0x1fb81f0_0;
    %parti/s 7, 1, 2;
    %concat/vec4; draw_concat_vec4
    %assign/vec4 v0x1fb81f0_0, 1;
    %vpi_call 3 137 "$display", ";A 34" {0 0 0};
    %jmp T_40.5;
T_40.4 ;
    %vpi_call 3 140 "$display", ";A 33" {0 0 0};
    %load/vec4 v0x1fb81f0_0;
    %assign/vec4 v0x1fb81f0_0, 1;
    %vpi_call 3 141 "$display", ";A 35" {0 0 0};
T_40.5 ;
T_40.3 ;
T_40.1 ;
    %jmp T_40;
    .thread T_40;
    .scope S_0x1ef7eb0;
T_41 ;
    %wait E_0x1f66200;
    %load/vec4 v0x1fb8790_0;
    %inv;
    %flag_set/vec4 8;
    %jmp/0xz  T_41.0, 8;
    %pushi/vec4 0, 0, 4;
    %assign/vec4 v0x1fb7960_0, 1;
    %vpi_call 3 150 "$display", ";A 38" {0 0 0};
    %jmp T_41.1;
T_41.0 ;
    %load/vec4 v0x1fb7df0_0;
    %flag_set/vec4 8;
    %jmp/0xz  T_41.2, 8;
    %vpi_call 3 154 "$display", ";A 39" {0 0 0};
    %pushi/vec4 0, 0, 4;
    %assign/vec4 v0x1fb7960_0, 1;
    %vpi_call 3 155 "$display", ";A 41" {0 0 0};
    %jmp T_41.3;
T_41.2 ;
    %vpi_call 3 158 "$display", ";A 40" {0 0 0};
    %load/vec4 v0x1fb7bf0_0;
    %flag_set/vec4 8;
    %jmp/0xz  T_41.4, 8;
    %vpi_call 3 160 "$display", ";A 42" {0 0 0};
    %load/vec4 v0x1fb7960_0;
    %addi 1, 0, 4;
    %assign/vec4 v0x1fb7960_0, 1;
    %vpi_call 3 161 "$display", ";A 44" {0 0 0};
    %jmp T_41.5;
T_41.4 ;
    %vpi_call 3 164 "$display", ";A 43" {0 0 0};
T_41.5 ;
T_41.3 ;
T_41.1 ;
    %jmp T_41;
    .thread T_41;
    .scope S_0x1ef7eb0;
T_42 ;
    %wait E_0x1f66200;
    %load/vec4 v0x1fb8790_0;
    %inv;
    %flag_set/vec4 8;
    %jmp/0xz  T_42.0, 8;
    %pushi/vec4 0, 0, 3;
    %assign/vec4 v0x1fb7f70_0, 1;
    %vpi_call 3 173 "$display", ";A 47" {0 0 0};
    %jmp T_42.1;
T_42.0 ;
    %load/vec4 v0x1fb7d30_0;
    %assign/vec4 v0x1fb7f70_0, 1;
    %vpi_call 3 176 "$display", ";A 48" {0 0 0};
T_42.1 ;
    %jmp T_42;
    .thread T_42;
    .scope S_0x1ef7eb0;
T_43 ;
    %wait E_0x1f71d50;
    %load/vec4 v0x1fb7f70_0;
    %store/vec4 v0x1fb7d30_0, 0, 3;
    %vpi_call 3 182 "$display", ";A 49" {0 0 0};
    %pushi/vec4 0, 0, 1;
    %store/vec4 v0x1fb7c90_0, 0, 1;
    %vpi_call 3 183 "$display", ";A 50" {0 0 0};
    %pushi/vec4 0, 0, 1;
    %store/vec4 v0x1fb7a40_0, 0, 1;
    %vpi_call 3 184 "$display", ";A 51" {0 0 0};
    %pushi/vec4 0, 0, 1;
    %store/vec4 v0x1fb7eb0_0, 0, 1;
    %vpi_call 3 185 "$display", ";A 52" {0 0 0};
    %pushi/vec4 0, 0, 1;
    %store/vec4 v0x1fb7df0_0, 0, 1;
    %vpi_call 3 186 "$display", ";A 53" {0 0 0};
    %pushi/vec4 0, 0, 1;
    %store/vec4 v0x1fb7bf0_0, 0, 1;
    %vpi_call 3 187 "$display", ";A 54" {0 0 0};
    %pushi/vec4 1, 0, 2;
    %store/vec4 v0x1fb8110_0, 0, 2;
    %vpi_call 3 188 "$display", ";A 55" {0 0 0};
    %pushi/vec4 0, 0, 1;
    %store/vec4 v0x1fb8390_0, 0, 1;
    %vpi_call 3 189 "$display", ";A 56" {0 0 0};
    %load/vec4 v0x1fb7f70_0;
    %dup/vec4;
    %pushi/vec4 0, 0, 3;
    %cmp/u;
    %jmp/1 T_43.0, 6;
    %dup/vec4;
    %pushi/vec4 2, 0, 3;
    %cmp/u;
    %jmp/1 T_43.1, 6;
    %dup/vec4;
    %pushi/vec4 3, 0, 3;
    %cmp/u;
    %jmp/1 T_43.2, 6;
    %dup/vec4;
    %pushi/vec4 4, 0, 3;
    %cmp/u;
    %jmp/1 T_43.3, 6;
    %dup/vec4;
    %pushi/vec4 5, 0, 3;
    %cmp/u;
    %jmp/1 T_43.4, 6;
    %jmp T_43.5;
T_43.0 ;
    %vpi_call 3 193 "$display", ";A 57" {0 0 0};
    %load/vec4 v0x1fb8ae0_0;
    %flag_set/vec4 8;
    %jmp/0xz  T_43.6, 8;
    %vpi_call 3 195 "$display", ";A 58" {0 0 0};
    %pushi/vec4 2, 0, 3;
    %store/vec4 v0x1fb7d30_0, 0, 3;
    %vpi_call 3 196 "$display", ";A 60" {0 0 0};
    %pushi/vec4 1, 0, 1;
    %store/vec4 v0x1fb7c90_0, 0, 1;
    %vpi_call 3 197 "$display", ";A 61" {0 0 0};
    %jmp T_43.7;
T_43.6 ;
    %vpi_call 3 200 "$display", ";A 59" {0 0 0};
    %pushi/vec4 0, 0, 3;
    %store/vec4 v0x1fb7d30_0, 0, 3;
    %vpi_call 3 201 "$display", ";A 62" {0 0 0};
    %pushi/vec4 1, 0, 1;
    %store/vec4 v0x1fb7df0_0, 0, 1;
    %vpi_call 3 202 "$display", ";A 63" {0 0 0};
    %pushi/vec4 1, 0, 1;
    %store/vec4 v0x1fb8390_0, 0, 1;
    %vpi_call 3 203 "$display", ";A 64" {0 0 0};
T_43.7 ;
    %jmp T_43.5;
T_43.1 ;
    %vpi_call 3 208 "$display", ";A 65" {0 0 0};
    %pushi/vec4 0, 0, 2;
    %store/vec4 v0x1fb8110_0, 0, 2;
    %vpi_call 3 209 "$display", ";A 66" {0 0 0};
    %load/vec4 v0x1fb7880_0;
    %cmpi/e 15, 0, 4;
    %jmp/0xz  T_43.8, 4;
    %vpi_call 3 211 "$display", ";A 67" {0 0 0};
    %pushi/vec4 3, 0, 3;
    %store/vec4 v0x1fb7d30_0, 0, 3;
    %vpi_call 3 212 "$display", ";A 69" {0 0 0};
    %jmp T_43.9;
T_43.8 ;
    %vpi_call 3 215 "$display", ";A 68" {0 0 0};
    %pushi/vec4 2, 0, 3;
    %store/vec4 v0x1fb7d30_0, 0, 3;
    %vpi_call 3 216 "$display", ";A 70" {0 0 0};
    %pushi/vec4 1, 0, 1;
    %store/vec4 v0x1fb7a40_0, 0, 1;
    %vpi_call 3 217 "$display", ";A 71" {0 0 0};
T_43.9 ;
    %jmp T_43.5;
T_43.2 ;
    %vpi_call 3 222 "$display", ";A 72" {0 0 0};
    %pushi/vec4 2, 0, 2;
    %store/vec4 v0x1fb8110_0, 0, 2;
    %vpi_call 3 223 "$display", ";A 73" {0 0 0};
    %load/vec4 v0x1fb7880_0;
    %cmpi/e 14, 0, 4;
    %jmp/0xz  T_43.10, 4;
    %vpi_call 3 225 "$display", ";A 74" {0 0 0};
    %load/vec4 v0x1fb7960_0;
    %cmpi/e 8, 0, 4;
    %jmp/0xz  T_43.12, 4;
    %vpi_call 3 227 "$display", ";A 76" {0 0 0};
    %pushi/vec4 5, 0, 3;
    %store/vec4 v0x1fb7d30_0, 0, 3;
    %vpi_call 3 228 "$display", ";A 78" {0 0 0};
    %jmp T_43.13;
T_43.12 ;
    %vpi_call 3 231 "$display", ";A 77" {0 0 0};
    %pushi/vec4 4, 0, 3;
    %store/vec4 v0x1fb7d30_0, 0, 3;
    %vpi_call 3 232 "$display", ";A 79" {0 0 0};
    %pushi/vec4 1, 0, 1;
    %store/vec4 v0x1fb7bf0_0, 0, 1;
    %vpi_call 3 233 "$display", ";A 80" {0 0 0};
T_43.13 ;
    %jmp T_43.11;
T_43.10 ;
    %vpi_call 3 237 "$display", ";A 75" {0 0 0};
    %pushi/vec4 3, 0, 3;
    %store/vec4 v0x1fb7d30_0, 0, 3;
    %vpi_call 3 238 "$display", ";A 81" {0 0 0};
    %pushi/vec4 1, 0, 1;
    %store/vec4 v0x1fb7a40_0, 0, 1;
    %vpi_call 3 239 "$display", ";A 82" {0 0 0};
T_43.11 ;
    %jmp T_43.5;
T_43.3 ;
    %vpi_call 3 244 "$display", ";A 83" {0 0 0};
    %pushi/vec4 2, 0, 2;
    %store/vec4 v0x1fb8110_0, 0, 2;
    %vpi_call 3 245 "$display", ";A 84" {0 0 0};
    %pushi/vec4 3, 0, 3;
    %store/vec4 v0x1fb7d30_0, 0, 3;
    %vpi_call 3 246 "$display", ";A 85" {0 0 0};
    %pushi/vec4 1, 0, 1;
    %store/vec4 v0x1fb7eb0_0, 0, 1;
    %vpi_call 3 247 "$display", ";A 86" {0 0 0};
    %jmp T_43.5;
T_43.4 ;
    %vpi_call 3 251 "$display", ";A 87" {0 0 0};
    %pushi/vec4 1, 0, 2;
    %store/vec4 v0x1fb8110_0, 0, 2;
    %vpi_call 3 252 "$display", ";A 88" {0 0 0};
    %load/vec4 v0x1fb7880_0;
    %cmpi/e 15, 0, 4;
    %jmp/0xz  T_43.14, 4;
    %vpi_call 3 254 "$display", ";A 89" {0 0 0};
    %pushi/vec4 0, 0, 3;
    %store/vec4 v0x1fb7d30_0, 0, 3;
    %vpi_call 3 255 "$display", ";A 91" {0 0 0};
    %pushi/vec4 1, 0, 1;
    %store/vec4 v0x1fb8390_0, 0, 1;
    %vpi_call 3 256 "$display", ";A 92" {0 0 0};
    %jmp T_43.15;
T_43.14 ;
    %vpi_call 3 259 "$display", ";A 90" {0 0 0};
    %pushi/vec4 5, 0, 3;
    %store/vec4 v0x1fb7d30_0, 0, 3;
    %vpi_call 3 260 "$display", ";A 93" {0 0 0};
    %pushi/vec4 1, 0, 1;
    %store/vec4 v0x1fb7a40_0, 0, 1;
    %vpi_call 3 261 "$display", ";A 94" {0 0 0};
T_43.15 ;
    %jmp T_43.5;
T_43.5 ;
    %pop/vec4 1;
    %jmp T_43;
    .thread T_43, $push;
    .scope S_0x1ef7eb0;
T_44 ;
    %wait E_0x1f66200;
    %load/vec4 v0x1fb8790_0;
    %inv;
    %flag_set/vec4 8;
    %jmp/0xz  T_44.0, 8;
    %pushi/vec4 0, 0, 1;
    %assign/vec4 v0x1fb82d0_0, 1;
    %vpi_call 3 270 "$display", ";A 97" {0 0 0};
    %jmp T_44.1;
T_44.0 ;
    %load/vec4 v0x1fb8390_0;
    %assign/vec4 v0x1fb82d0_0, 1;
    %vpi_call 3 273 "$display", ";A 98" {0 0 0};
T_44.1 ;
    %jmp T_44;
    .thread T_44;
    .scope S_0x1ef7eb0;
T_45 ;
    %wait E_0x1f720f0;
    %load/vec4 v0x1fb7190_0;
    %pushi/vec4 255, 0, 8;
    %cmp/e;
    %flag_get/vec4 4;
    %load/vec4 v0x1ef8080_0;
    %pushi/vec4 14, 0, 4;
    %cmp/e;
    %flag_get/vec4 4;
    %load/vec4 v0x1fb7540_0;
    %pushi/vec4 3, 0, 4;
    %cmp/e;
    %flag_get/vec4 4;
    %and;
    %and;
    %load/vec4 v0x1fb77a0_0;
    %pushi/vec4 3, 0, 3;
    %cmp/e;
    %flag_get/vec4 4;
    %and;
    %flag_set/vec4 8;
    %jmp/0xz  T_45.0, 8;
    %vpi_call 3 280 "$display", ";A 99" {0 0 0};
    %pushi/vec4 0, 0, 1;
    %store/vec4 v0x1fb7270_0, 0, 1;
    %vpi_call 3 281 "$display", ";A 101" {0 0 0};
    %jmp T_45.1;
T_45.0 ;
    %vpi_call 3 284 "$display", ";A 100" {0 0 0};
    %load/vec4 v0x1fb7330_0;
    %store/vec4 v0x1fb7270_0, 0, 1;
    %vpi_call 3 285 "$display", ";A 102" {0 0 0};
T_45.1 ;
    %jmp T_45;
    .thread T_45, $push;
    .scope S_0x1ef7eb0;
T_46 ;
    %wait E_0x1f66200;
    %load/vec4 v0x1fb8790_0;
    %inv;
    %flag_set/vec4 8;
    %jmp/0xz  T_46.0, 8;
    %pushi/vec4 1, 0, 1;
    %assign/vec4 v0x1fb70d0_0, 1;
    %vpi_call 3 292 "$display", ";A 105" {0 0 0};
    %pushi/vec4 1, 0, 1;
    %assign/vec4 v0x1fb6fc0_0, 1;
    %vpi_call 3 293 "$display", ";A 106" {0 0 0};
    %jmp T_46.1;
T_46.0 ;
    %load/vec4 v0x1fb7b00_0;
    %assign/vec4 v0x1fb70d0_0, 1;
    %vpi_call 3 296 "$display", ";A 107" {0 0 0};
    %load/vec4 v0x1fb70d0_0;
    %assign/vec4 v0x1fb6fc0_0, 1;
    %vpi_call 3 297 "$display", ";A 108" {0 0 0};
T_46.1 ;
    %jmp T_46;
    .thread T_46;
    .scope S_0x1ef7eb0;
T_47 ;
    %wait E_0x1f66200;
    %load/vec4 v0x1fb8790_0;
    %inv;
    %flag_set/vec4 8;
    %jmp/0xz  T_47.0, 8;
    %pushi/vec4 0, 0, 4;
    %assign/vec4 v0x1ef8080_0, 1;
    %vpi_call 3 304 "$display", ";A 111" {0 0 0};
    %jmp T_47.1;
T_47.0 ;
    %load/vec4 v0x1fb6d50_0;
    %flag_set/vec4 8;
    %jmp/0xz  T_47.2, 8;
    %vpi_call 3 308 "$display", ";A 112" {0 0 0};
    %pushi/vec4 0, 0, 4;
    %assign/vec4 v0x1ef8080_0, 1;
    %vpi_call 3 309 "$display", ";A 114" {0 0 0};
    %jmp T_47.3;
T_47.2 ;
    %vpi_call 3 312 "$display", ";A 113" {0 0 0};
    %load/vec4 v0x1ef8080_0;
    %addi 1, 0, 4;
    %assign/vec4 v0x1ef8080_0, 1;
    %vpi_call 3 313 "$display", ";A 115" {0 0 0};
T_47.3 ;
T_47.1 ;
    %jmp T_47;
    .thread T_47;
    .scope S_0x1ef7eb0;
T_48 ;
    %wait E_0x1f66200;
    %load/vec4 v0x1fb8790_0;
    %inv;
    %flag_set/vec4 8;
    %jmp/0xz  T_48.0, 8;
    %pushi/vec4 0, 0, 8;
    %assign/vec4 v0x1fb7190_0, 1;
    %vpi_call 3 321 "$display", ";A 118" {0 0 0};
    %jmp T_48.1;
T_48.0 ;
    %load/vec4 v0x1fb76e0_0;
    %flag_set/vec4 8;
    %jmp/0xz  T_48.2, 8;
    %vpi_call 3 325 "$display", ";A 119" {0 0 0};
    %load/vec4 v0x1fb6fc0_0;
    %load/vec4 v0x1fb7190_0;
    %parti/s 7, 1, 2;
    %concat/vec4; draw_concat_vec4
    %assign/vec4 v0x1fb7190_0, 1;
    %vpi_call 3 326 "$display", ";A 121" {0 0 0};
    %jmp T_48.3;
T_48.2 ;
    %vpi_call 3 329 "$display", ";A 120" {0 0 0};
T_48.3 ;
T_48.1 ;
    %jmp T_48;
    .thread T_48;
    .scope S_0x1ef7eb0;
T_49 ;
    %wait E_0x1f66200;
    %load/vec4 v0x1fb8790_0;
    %inv;
    %flag_set/vec4 8;
    %jmp/0xz  T_49.0, 8;
    %pushi/vec4 0, 0, 4;
    %assign/vec4 v0x1fb7540_0, 1;
    %vpi_call 3 337 "$display", ";A 124" {0 0 0};
    %jmp T_49.1;
T_49.0 ;
    %load/vec4 v0x1fb6e10_0;
    %flag_set/vec4 8;
    %jmp/0xz  T_49.2, 8;
    %vpi_call 3 341 "$display", ";A 125" {0 0 0};
    %load/vec4 v0x1fb7540_0;
    %addi 1, 0, 4;
    %assign/vec4 v0x1fb7540_0, 1;
    %vpi_call 3 342 "$display", ";A 127" {0 0 0};
    %jmp T_49.3;
T_49.2 ;
    %vpi_call 3 345 "$display", ";A 126" {0 0 0};
    %load/vec4 v0x1fb7620_0;
    %flag_set/vec4 8;
    %jmp/0xz  T_49.4, 8;
    %vpi_call 3 347 "$display", ";A 128" {0 0 0};
    %pushi/vec4 0, 0, 4;
    %assign/vec4 v0x1fb7540_0, 1;
    %vpi_call 3 348 "$display", ";A 130" {0 0 0};
    %jmp T_49.5;
T_49.4 ;
    %vpi_call 3 351 "$display", ";A 129" {0 0 0};
T_49.5 ;
T_49.3 ;
T_49.1 ;
    %jmp T_49;
    .thread T_49;
    .scope S_0x1ef7eb0;
T_50 ;
    %wait E_0x1f66200;
    %load/vec4 v0x1fb8790_0;
    %inv;
    %flag_set/vec4 8;
    %jmp/0xz  T_50.0, 8;
    %pushi/vec4 1, 0, 3;
    %assign/vec4 v0x1fb77a0_0, 1;
    %vpi_call 3 360 "$display", ";A 133" {0 0 0};
    %jmp T_50.1;
T_50.0 ;
    %load/vec4 v0x1fb6ee0_0;
    %assign/vec4 v0x1fb77a0_0, 1;
    %vpi_call 3 363 "$display", ";A 134" {0 0 0};
T_50.1 ;
    %jmp T_50;
    .thread T_50;
    .scope S_0x1ef7eb0;
T_51 ;
    %wait E_0x1f724b0;
    %load/vec4 v0x1fb77a0_0;
    %store/vec4 v0x1fb6ee0_0, 0, 3;
    %vpi_call 3 369 "$display", ";A 135" {0 0 0};
    %pushi/vec4 1, 0, 1;
    %store/vec4 v0x1fb6d50_0, 0, 1;
    %vpi_call 3 370 "$display", ";A 136" {0 0 0};
    %pushi/vec4 0, 0, 1;
    %store/vec4 v0x1fb76e0_0, 0, 1;
    %vpi_call 3 371 "$display", ";A 137" {0 0 0};
    %pushi/vec4 0, 0, 1;
    %store/vec4 v0x1fb6e10_0, 0, 1;
    %vpi_call 3 372 "$display", ";A 138" {0 0 0};
    %pushi/vec4 0, 0, 1;
    %store/vec4 v0x1fb7620_0, 0, 1;
    %vpi_call 3 373 "$display", ";A 139" {0 0 0};
    %pushi/vec4 0, 0, 1;
    %store/vec4 v0x1fb7480_0, 0, 1;
    %vpi_call 3 374 "$display", ";A 140" {0 0 0};
    %load/vec4 v0x1fb77a0_0;
    %dup/vec4;
    %pushi/vec4 1, 0, 3;
    %cmp/u;
    %jmp/1 T_51.0, 6;
    %dup/vec4;
    %pushi/vec4 2, 0, 3;
    %cmp/u;
    %jmp/1 T_51.1, 6;
    %dup/vec4;
    %pushi/vec4 3, 0, 3;
    %cmp/u;
    %jmp/1 T_51.2, 6;
    %dup/vec4;
    %pushi/vec4 4, 0, 3;
    %cmp/u;
    %jmp/1 T_51.3, 6;
    %dup/vec4;
    %pushi/vec4 5, 0, 3;
    %cmp/u;
    %jmp/1 T_51.4, 6;
    %jmp T_51.5;
T_51.0 ;
    %vpi_call 3 378 "$display", ";A 141" {0 0 0};
    %load/vec4 v0x1fb6fc0_0;
    %inv;
    %flag_set/vec4 8;
    %jmp/0xz  T_51.6, 8;
    %vpi_call 3 380 "$display", ";A 142" {0 0 0};
    %pushi/vec4 2, 0, 3;
    %store/vec4 v0x1fb6ee0_0, 0, 3;
    %vpi_call 3 381 "$display", ";A 144" {0 0 0};
    %jmp T_51.7;
T_51.6 ;
    %vpi_call 3 384 "$display", ";A 143" {0 0 0};
    %pushi/vec4 1, 0, 3;
    %store/vec4 v0x1fb6ee0_0, 0, 3;
    %vpi_call 3 385 "$display", ";A 145" {0 0 0};
    %pushi/vec4 1, 0, 1;
    %store/vec4 v0x1fb7620_0, 0, 1;
    %vpi_call 3 386 "$display", ";A 146" {0 0 0};
    %pushi/vec4 1, 0, 1;
    %store/vec4 v0x1fb7480_0, 0, 1;
    %vpi_call 3 387 "$display", ";A 147" {0 0 0};
T_51.7 ;
    %jmp T_51.5;
T_51.1 ;
    %vpi_call 3 392 "$display", ";A 148" {0 0 0};
    %load/vec4 v0x1ef8080_0;
    %cmpi/e 4, 0, 4;
    %jmp/0xz  T_51.8, 4;
    %vpi_call 3 394 "$display", ";A 149" {0 0 0};
    %load/vec4 v0x1fb6fc0_0;
    %inv;
    %flag_set/vec4 8;
    %jmp/0xz  T_51.10, 8;
    %vpi_call 3 396 "$display", ";A 151" {0 0 0};
    %pushi/vec4 3, 0, 3;
    %store/vec4 v0x1fb6ee0_0, 0, 3;
    %vpi_call 3 397 "$display", ";A 153" {0 0 0};
    %jmp T_51.11;
T_51.10 ;
    %vpi_call 3 400 "$display", ";A 152" {0 0 0};
    %pushi/vec4 1, 0, 3;
    %store/vec4 v0x1fb6ee0_0, 0, 3;
    %vpi_call 3 401 "$display", ";A 154" {0 0 0};
T_51.11 ;
    %jmp T_51.9;
T_51.8 ;
    %vpi_call 3 405 "$display", ";A 150" {0 0 0};
    %pushi/vec4 2, 0, 3;
    %store/vec4 v0x1fb6ee0_0, 0, 3;
    %vpi_call 3 406 "$display", ";A 155" {0 0 0};
    %pushi/vec4 0, 0, 1;
    %store/vec4 v0x1fb6d50_0, 0, 1;
    %vpi_call 3 407 "$display", ";A 156" {0 0 0};
T_51.9 ;
    %jmp T_51.5;
T_51.2 ;
    %vpi_call 3 412 "$display", ";A 157" {0 0 0};
    %load/vec4 v0x1ef8080_0;
    %cmpi/e 14, 0, 4;
    %jmp/0xz  T_51.12, 4;
    %vpi_call 3 414 "$display", ";A 158" {0 0 0};
    %load/vec4 v0x1fb7540_0;
    %cmpi/e 8, 0, 4;
    %jmp/0xz  T_51.14, 4;
    %vpi_call 3 416 "$display", ";A 160" {0 0 0};
    %pushi/vec4 5, 0, 3;
    %store/vec4 v0x1fb6ee0_0, 0, 3;
    %vpi_call 3 417 "$display", ";A 162" {0 0 0};
    %jmp T_51.15;
T_51.14 ;
    %vpi_call 3 420 "$display", ";A 161" {0 0 0};
    %pushi/vec4 4, 0, 3;
    %store/vec4 v0x1fb6ee0_0, 0, 3;
    %vpi_call 3 421 "$display", ";A 163" {0 0 0};
T_51.15 ;
    %jmp T_51.13;
T_51.12 ;
    %vpi_call 3 425 "$display", ";A 159" {0 0 0};
    %pushi/vec4 3, 0, 3;
    %store/vec4 v0x1fb6ee0_0, 0, 3;
    %vpi_call 3 426 "$display", ";A 164" {0 0 0};
    %pushi/vec4 0, 0, 1;
    %store/vec4 v0x1fb6d50_0, 0, 1;
    %vpi_call 3 427 "$display", ";A 165" {0 0 0};
T_51.13 ;
    %jmp T_51.5;
T_51.3 ;
    %vpi_call 3 432 "$display", ";A 166" {0 0 0};
    %pushi/vec4 1, 0, 1;
    %store/vec4 v0x1fb76e0_0, 0, 1;
    %vpi_call 3 433 "$display", ";A 167" {0 0 0};
    %pushi/vec4 1, 0, 1;
    %store/vec4 v0x1fb6e10_0, 0, 1;
    %vpi_call 3 434 "$display", ";A 168" {0 0 0};
    %pushi/vec4 3, 0, 3;
    %store/vec4 v0x1fb6ee0_0, 0, 3;
    %vpi_call 3 435 "$display", ";A 169" {0 0 0};
    %jmp T_51.5;
T_51.4 ;
    %vpi_call 3 439 "$display", ";A 170" {0 0 0};
    %pushi/vec4 1, 0, 3;
    %store/vec4 v0x1fb6ee0_0, 0, 3;
    %vpi_call 3 440 "$display", ";A 171" {0 0 0};
    %pushi/vec4 1, 0, 1;
    %store/vec4 v0x1fb7480_0, 0, 1;
    %vpi_call 3 441 "$display", ";A 172" {0 0 0};
    %jmp T_51.5;
T_51.5 ;
    %pop/vec4 1;
    %jmp T_51;
    .thread T_51, $push;
    .scope S_0x1ef7eb0;
T_52 ;
    %wait E_0x1f66200;
    %load/vec4 v0x1fb8790_0;
    %inv;
    %flag_set/vec4 8;
    %jmp/0xz  T_52.0, 8;
    %pushi/vec4 0, 0, 1;
    %assign/vec4 v0x1fb7330_0, 1;
    %vpi_call 3 449 "$display", ";A 175" {0 0 0};
    %jmp T_52.1;
T_52.0 ;
    %load/vec4 v0x1fb7480_0;
    %assign/vec4 v0x1fb7330_0, 1;
    %vpi_call 3 452 "$display", ";A 176" {0 0 0};
T_52.1 ;
    %jmp T_52;
    .thread T_52;
    .scope S_0x1ef7d30;
T_53 ;
    %pushi/vec4 0, 0, 1;
    %store/vec4 v0x1fb9640_0, 0, 1;
    %end;
    .thread T_53;
    .scope S_0x1ef7d30;
T_54 ;
    %pushi/vec4 0, 0, 8;
    %store/vec4 v0x1fb96e0_0, 0, 8;
    %end;
    .thread T_54;
    .scope S_0x1ef7d30;
T_55 ;
    %pushi/vec4 0, 0, 1;
    %store/vec4 v0x1fb9410_0, 0, 1;
    %end;
    .thread T_55;
    .scope S_0x1ef7d30;
T_56 ;
    %delay 5, 0;
    %load/vec4 v0x1fb9270_0;
    %inv;
    %store/vec4 v0x1fb9270_0, 0, 1;
    %jmp T_56;
    .thread T_56;
    .scope S_0x1ef7d30;
T_57 ;
    %wait E_0x1f2f560;
    %load/vec4 v0x1fb8f60_0;
    %addi 1, 0, 32;
    %store/vec4 v0x1fb8f60_0, 0, 32;
    %ix/getv 4, v0x1fb8f60_0;
    %load/vec4a v0x1fb9040, 4;
    %store/vec4 v0x1fb8e60_0, 0, 10;
    %load/vec4 v0x1fb8e60_0;
    %parti/s 1, 9, 5;
    %assign/vec4 v0x1fb9410_0, 1;
    %load/vec4 v0x1fb8e60_0;
    %parti/s 1, 0, 2;
    %assign/vec4 v0x1fb9640_0, 1;
    %load/vec4 v0x1fb8e60_0;
    %parti/s 8, 1, 2;
    %assign/vec4 v0x1fb96e0_0, 1;
    %vpi_call 2 44 "$strobe", ";_C %d", v0x1fb8f60_0 {0 0 0};
    %jmp T_57;
    .thread T_57;
    .scope S_0x1ef7d30;
T_58 ;
    %vpi_call 2 49 "$dumpfile", "out.vcd" {0 0 0};
    %vpi_call 2 50 "$dumpvars" {0 0 0};
    %vpi_call 2 51 "$display", ";_C 1" {0 0 0};
    %pushi/vec4 0, 0, 1;
    %store/vec4 v0x1fb9270_0, 0, 1;
    %pushi/vec4 1, 0, 1;
    %store/vec4 v0x1fb9340_0, 0, 1;
    %pushi/vec4 1, 0, 32;
    %store/vec4 v0x1fb8f60_0, 0, 32;
    %vpi_call 2 55 "$readmemb", "data.mem", v0x1fb9040 {0 0 0};
    %ix/load 4, 1, 0;
    %flag_set/imm 4, 0;
    %load/vec4a v0x1fb9040, 4;
    %store/vec4 v0x1fb8e60_0, 0, 10;
    %load/vec4 v0x1fb8e60_0;
    %parti/s 1, 9, 5;
    %assign/vec4 v0x1fb9410_0, 1;
    %load/vec4 v0x1fb8e60_0;
    %parti/s 1, 0, 2;
    %assign/vec4 v0x1fb9640_0, 1;
    %load/vec4 v0x1fb8e60_0;
    %parti/s 8, 1, 2;
    %assign/vec4 v0x1fb96e0_0, 1;
    %delay 2, 0;
    %pushi/vec4 1, 0, 1;
    %store/vec4 v0x1fb9270_0, 0, 1;
    %pushi/vec4 0, 0, 1;
    %store/vec4 v0x1fb9340_0, 0, 1;
    %delay 5, 0;
    %pushi/vec4 1, 0, 1;
    %store/vec4 v0x1fb9340_0, 0, 1;
    %delay 10, 0;
    %vpi_call 2 63 "$finish" {0 0 0};
    %end;
    .thread T_58;
# The file index is used to find the file name in the following table.
:file_names 4;
    "N/A";
    "<interactive>";
    "conquest_tb.v";
    "conquest_dut.v";
